[2026-08-01T13:46:00.768Z] [INFO] Starting DetectorApplicationTests using Java 20.0.2 with PID 2792 (started by Usuario in C:\Users\Usuario\OneDrive\Escritorio\SEPTIMO SEMESTRE\APLICACIONES DISTRIBUIDAS\Proyecto-asistencia\proyecto-backEnd)
[2026-08-01T13:46:00.771Z] [INFO] No active profile set, falling back to 1 default profile: "default"
[2026-08-01T13:46:01.898Z] [INFO] Bootstrapping Spring Data JPA repositories in DEFAULT mode.
[2026-08-01T13:46:02.035Z] [INFO] Finished Spring Data repository scanning in 116 ms. Found 5 JPA repository interfaces.
[2026-08-01T13:46:03.069Z] [INFO] HHH008540: Processing PersistenceUnitInfo [name: default]
[2026-08-01T13:46:03.242Z] [INFO] HHH000001: Hibernate ORM core version 7.2.12.Final
[2026-08-01T13:46:04.302Z] [INFO] No LoadTimeWeaver setup: ignoring JPA class transformer
[2026-08-01T13:46:04.351Z] [INFO] HikariPool-1 - Starting...
[2026-08-01T13:46:05.894Z] [INFO] HikariPool-1 - Added connection org.postgresql.jdbc.PgConnection@65b19e5c
[2026-08-01T13:46:05.897Z] [INFO] HikariPool-1 - Start completed.
[2026-08-01T13:46:06.045Z] [WARN] HHH90000025: PostgreSQLDialect does not need to be specified explicitly using 'hibernate.dialect' (remove the property setting and it will be selected by default)
[2026-08-01T13:46:06.440Z] [INFO] HHH10001005: Database info:
	Database JDBC URL [jdbc:postgresql://ep-noisy-pine-apct0js4.c-7.us-east-1.aws.neon.tech:5432/neondb?sslmode=require]
	Database driver: PostgreSQL JDBC Driver
	Database dialect: PostgreSQLDialect
	Database version: 17.10
	Default catalog/schema: neondb/public
	Autocommit mode: undefined/unknown
	Isolation level: READ_COMMITTED [default READ_COMMITTED]
	JDBC fetch size: none
	Pool: DataSourceConnectionProvider
	Minimum pool size: undefined/unknown
	Maximum pool size: undefined/unknown
[2026-08-01T13:46:08.188Z] [INFO] HHH000489: No JTA platform available (set 'hibernate.transaction.jta.platform' to enable JTA platform integration)
[2026-08-01T13:46:08.626Z] [INFO] Initialized JPA EntityManagerFactory for persistence unit 'default'
[2026-08-01T13:46:08.793Z] [INFO] Hibernate is in classpath; If applicable, HQL parser will be used.
[2026-08-01T13:46:10.626Z] [WARN] spring.jpa.open-in-view is enabled by default. Therefore, database queries may be performed during view rendering. Explicitly configure spring.jpa.open-in-view to disable this warning
[2026-08-01T13:46:11.345Z] [INFO] Starting...
[2026-08-01T13:46:11.346Z] [INFO] BrokerAvailabilityEvent[available=true, SimpleBrokerMessageHandler [org.springframework.messaging.simp.broker.DefaultSubscriptionRegistry@28a80cb0]]
[2026-08-01T13:46:11.346Z] [INFO] Started.
[2026-08-01T13:46:11.352Z] [INFO] Started DetectorApplicationTests in 11.094 seconds (process running for 12.93)
[2026-08-01T13:46:12.043Z] [INFO] Stopping...
[2026-08-01T13:46:12.043Z] [INFO] BrokerAvailabilityEvent[available=false, SimpleBrokerMessageHandler [org.springframework.messaging.simp.broker.DefaultSubscriptionRegistry@28a80cb0]]
[2026-08-01T13:46:12.045Z] [INFO] Stopped.
[2026-08-01T13:46:12.048Z] [INFO] Closing JPA EntityManagerFactory for persistence unit 'default'
[2026-08-01T13:46:12.052Z] [INFO] HikariPool-1 - Shutdown initiated...
[2026-08-01T13:46:12.954Z] [INFO] HikariPool-1 - Shutdown completed.
